ok   keyring-controller
ok   eth-hd-keyring
ok   key-tree
ok   rabby-desktop
ok   enkrypt
ok   metamask-sdk
ok   coinbase-mobile-sdk
ok   uniswap-wallet
ok   trust-provider
ok   coinbase-sdk
ok   frame
ok   myetherwallet
ok   imtoken-tokencore
ok   muun-falcon
ok   imtoken-tokencore2
ok   muun-apollo
ok   blockchain-wallet
ok   samourai
ok   liana
ok   gdk
ok   green-qt
ok   specter
ok   hwi
ok   nunchuk
ok   monero-gui
ok   breez
ok   phoenix
ok   stack-wallet
ok   eclair
ok   cake-wallet
ok   feather
ok   trezor-connect
ok   ledger-sdk
ok   ledger-app-eth
ok   ledger-app-btc
ok   librustzcash
ok   ledgerjs
ok   gridplus
ok   passport
ok   onekey-hw-sdk
ok   coldcard
ok   tangem
ok   safe-contracts
ok   alchemy-light
ok   safe-modules
ok   safe-sdk
ok   safe-react
ok   coolwallet
ok   soul-wallet
ok   zerodev-kernel
ok   sequence-contracts
ok   etherspot
ok   sequence-js
ok   ambire-wallet
ok   fireblocks-mpc
ok   kryptology
ok   gotham-city
ok   zengo-mpecdsa
ok   rhinestone
ok   argent-contracts
ok   taurus-mp-sig
ok   tkey
ok   magic
ok   web3auth
ok   torus
ok   turnkey
ok   openfort-sss
ok   openfort-contracts
ok   openfort-signer
ok   privy-sss
ok   openfort-js
ok   thirdweb-js
ok   para-mpc
ok   particle-auth
ok   web3auth-mpc
ok   lit-peer
ok   dfns-sdk
ok   thirdweb-contracts
ok   p256-verifier
ok   passkeys-4337
ok   webauthn-sol
ok   webauthn-owner-plugin
ok   clave
ok   coinbase-smart-wallet
ok   kernel-7579
ok   duo-webauthn
ok   simplewebauthn
ok   passkey-kit
ok   webauthn4j
ok   go-webauthn
ok   web3-react
ok   rainbowkit
ok   ethers
ok   reown-appkit
ok   walletconnect
ok   web3js
ok   noble-curves
ok   web3j
ok   web3py
ok   viem
ok   wagmi
ok   ethereumjs
ok   scure-bip39
ok   solana-kit
ok   station
ok   cosmostation
ok   cosmjs
ok   solana-web3js
ok   solana-wallet-adapter
ok   nami
ok   talisman
ok   polkadot-extension
ok   yoroi
ok   subwallet
ok   ton-wallet-contract
ok   tonkeeper-ios
ok   near-wallet
ok   lace
ok   tonkeeper-web
ok   daedalus
ok   zerion-sdk
ok   pera
ok   tron-wallet-cli
ok   avalanche-wallet
ok   freighter
ok   leather
warm_rest done; clones now: 181
