
=== Stage 4: build_derived ===
724 canonical sources
  "speca_commit": ""
}

=== Stage 5: merge supplementary + CVE ===
[merge_crawl_csvs] account-abstraction.changelog.csv: 0 rows
[merge_crawl_csvs] account-abstraction.commits.csv: 81 rows
[merge_crawl_csvs] account-abstraction.direct_prs.csv: 39 rows
[merge_crawl_csvs] account-abstraction.releases.csv: 6 rows
[merge_crawl_csvs] account-abstraction.stealth_prs.csv: 38 rows
[merge_crawl_csvs] alchemy-light.changelog.csv: 0 rows
[merge_crawl_csvs] alchemy-light.commits.csv: 14 rows
[merge_crawl_csvs] alchemy-light.direct_prs.csv: 7 rows
[merge_crawl_csvs] alchemy-light.releases.csv: 0 rows
[merge_crawl_csvs] alchemy-light.stealth_prs.csv: 13 rows
[merge_crawl_csvs] alchemy-modular.changelog.csv: 0 rows
[merge_crawl_csvs] alchemy-modular.commits.csv: 40 rows
[merge_crawl_csvs] alchemy-modular.direct_prs.csv: 39 rows
[merge_crawl_csvs] alchemy-modular.releases.csv: 0 rows
[merge_crawl_csvs] alchemy-modular.stealth_prs.csv: 63 rows
[merge_crawl_csvs] alphawallet-android.changelog.csv: 0 rows
[merge_crawl_csvs] alphawallet-android.commits.csv: 219 rows
[merge_crawl_csvs] alphawallet-android.direct_prs.csv: 200 rows
[merge_crawl_csvs] alphawallet-android.releases.csv: 10 rows
[merge_crawl_csvs] alphawallet-android.stealth_prs.csv: 154 rows
[merge_crawl_csvs] alphawallet-ios.changelog.csv: 0 rows
[merge_crawl_csvs] alphawallet-ios.commits.csv: 236 rows
[merge_crawl_csvs] alphawallet-ios.direct_prs.csv: 277 rows
[merge_crawl_csvs] alphawallet-ios.releases.csv: 2 rows
[merge_crawl_csvs] alphawallet-ios.stealth_prs.csv: 106 rows
[merge_crawl_csvs] ambire-common.changelog.csv: 0 rows
[merge_crawl_csvs] ambire-common.commits.csv: 281 rows
[merge_crawl_csvs] ambire-common.direct_prs.csv: 282 rows
[merge_crawl_csvs] ambire-common.osv.csv: 0 rows
[merge_crawl_csvs] ambire-common.releases.csv: 39 rows
[merge_crawl_csvs] ambire-common.stealth_prs.csv: 295 rows
[merge_crawl_csvs] ambire-wallet.changelog.csv: 0 rows
[merge_crawl_csvs] ambire-wallet.commits.csv: 188 rows
[merge_crawl_csvs] ambire-wallet.direct_prs.csv: 1 rows
[merge_crawl_csvs] ambire-wallet.releases.csv: 0 rows
[merge_crawl_csvs] ambire-wallet.stealth_prs.csv: 1 rows
[merge_crawl_csvs] aptos.changelog.csv: 0 rows
[merge_crawl_csvs] aptos.commits.csv: 615 rows
[merge_crawl_csvs] aptos.direct_prs.csv: 1316 rows
[merge_crawl_csvs] aptos.osv.csv: 0 rows
[merge_crawl_csvs] aptos.releases.csv: 90 rows
[merge_crawl_csvs] aptos.rustsec.csv: 0 rows
[merge_crawl_csvs] aptos.stealth_prs.csv: 2511 rows
[merge_crawl_csvs] argent-contracts.changelog.csv: 0 rows
[merge_crawl_csvs] argent-contracts.commits.csv: 100 rows
[merge_crawl_csvs] argent-contracts.direct_prs.csv: 11 rows
[merge_crawl_csvs] argent-contracts.releases.csv: 0 rows
[merge_crawl_csvs] argent-contracts.stealth_prs.csv: 16 rows
[merge_crawl_csvs] argent-x.changelog.csv: 0 rows
[merge_crawl_csvs] argent-x.commits.csv: 75 rows
[merge_crawl_csvs] argent-x.direct_prs.csv: 268 rows
[merge_crawl_csvs] argent-x.releases.csv: 5 rows
[merge_crawl_csvs] argent-x.stealth_prs.csv: 242 rows
[merge_crawl_csvs] avalanche-wallet.changelog.csv: 0 rows
[merge_crawl_csvs] avalanche-wallet.commits.csv: 124 rows
[merge_crawl_csvs] avalanche-wallet.direct_prs.csv: 27 rows
[merge_crawl_csvs] avalanche-wallet.releases.csv: 0 rows
[merge_crawl_csvs] avalanche-wallet.stealth_prs.csv: 10 rows
[merge_crawl_csvs] backpack.changelog.csv: 0 rows
[merge_crawl_csvs] backpack.commits.csv: 0 rows
[merge_crawl_csvs] backpack.direct_prs.csv: 190 rows
[merge_crawl_csvs] backpack.releases.csv: 0 rows
[merge_crawl_csvs] backpack.stealth_prs.csv: 119 rows
[merge_crawl_csvs] biconomy-scw.changelog.csv: 0 rows
[merge_crawl_csvs] biconomy-scw.commits.csv: 57 rows
[merge_crawl_csvs] biconomy-scw.direct_prs.csv: 34 rows
[merge_crawl_csvs] biconomy-scw.releases.csv: 0 rows
[merge_crawl_csvs] biconomy-scw.stealth_prs.csv: 43 rows
[merge_crawl_csvs] bip39-tool.changelog.csv: 0 rows
[merge_crawl_csvs] bip39-tool.commits.csv: 157 rows
[merge_crawl_csvs] bip39-tool.direct_prs.csv: 42 rows
[merge_crawl_csvs] bip39-tool.osv.csv: 0 rows
[merge_crawl_csvs] bip39-tool.releases.csv: 0 rows
[merge_crawl_csvs] bip39-tool.stealth_prs.csv: 43 rows
[merge_crawl_csvs] bisq.changelog.csv: 0 rows
[merge_crawl_csvs] bisq.commits.csv: 386 rows
[merge_crawl_csvs] bisq.direct_prs.csv: 353 rows
[merge_crawl_csvs] bisq.releases.csv: 55 rows
[merge_crawl_csvs] bisq.stealth_prs.csv: 395 rows
[merge_crawl_csvs] bitbox-app.changelog.csv: 8 rows
[merge_crawl_csvs] bitbox-app.commits.csv: 360 rows
[merge_crawl_csvs] bitbox-app.direct_prs.csv: 251 rows
[merge_crawl_csvs] bitbox-app.govulncheck.csv: 0 rows
[merge_crawl_csvs] bitbox-app.osv.csv: 0 rows
[merge_crawl_csvs] bitbox-app.releases.csv: 12 rows
[merge_crawl_csvs] bitbox-app.stealth_prs.csv: 227 rows
[merge_crawl_csvs] bitbox02.changelog.csv: 5 rows
[merge_crawl_csvs] bitbox02.commits.csv: 174 rows
[merge_crawl_csvs] bitbox02.direct_prs.csv: 189 rows
[merge_crawl_csvs] bitbox02.releases.csv: 7 rows
[merge_crawl_csvs] bitbox02.stealth_prs.csv: 135 rows
[merge_crawl_csvs] bitcoin-core.changelog.csv: 0 rows
[merge_crawl_csvs] bitcoin-core.commits.csv: 215 rows
[merge_crawl_csvs] bitcoin-core.direct_prs.csv: 1002 rows
[merge_crawl_csvs] bitcoin-core.releases.csv: 0 rows
[merge_crawl_csvs] bitcoin-core.stealth_prs.csv: 1768 rows
[merge_crawl_csvs] bitcoinjs-lib.changelog.csv: 0 rows
[merge_crawl_csvs] bitcoinjs-lib.commits.csv: 265 rows
[merge_crawl_csvs] bitcoinjs-lib.direct_prs.csv: 100 rows
[merge_crawl_csvs] bitcoinjs-lib.osv.csv: 0 rows
[merge_crawl_csvs] bitcoinjs-lib.releases.csv: 0 rows
[merge_crawl_csvs] bitcoinjs-lib.stealth_prs.csv: 95 rows
[merge_crawl_csvs] bitcore.changelog.csv: 2 rows
[merge_crawl_csvs] bitcore.commits.csv: 235 rows
[merge_crawl_csvs] bitcore.direct_prs.csv: 165 rows
[merge_crawl_csvs] bitcore.osv.csv: 0 rows
[merge_crawl_csvs] bitcore.releases.csv: 4 rows
[merge_crawl_csvs] bitcore.stealth_prs.csv: 140 rows
[merge_crawl_csvs] bitgo.changelog.csv: 0 rows
[merge_crawl_csvs] bitgo.commits.csv: 356 rows
[merge_crawl_csvs] bitgo.direct_prs.csv: 1034 rows
[merge_crawl_csvs] bitgo.osv.csv: 0 rows
[merge_crawl_csvs] bitgo.releases.csv: 0 rows
[merge_crawl_csvs] bitgo.stealth_prs.csv: 965 rows
[merge_crawl_csvs] bitpay-wallet.changelog.csv: 0 rows
[merge_crawl_csvs] bitpay-wallet.commits.csv: 191 rows
[merge_crawl_csvs] bitpay-wallet.direct_prs.csv: 132 rows
[merge_crawl_csvs] bitpay-wallet.releases.csv: 6 rows
[merge_crawl_csvs] bitpay-wallet.stealth_prs.csv: 96 rows
[merge_crawl_csvs] blockchain-wallet.changelog.csv: 0 rows
[merge_crawl_csvs] blockchain-wallet.commits.csv: 91 rows
[merge_crawl_csvs] blockchain-wallet.direct_prs.csv: 33 rows
[merge_crawl_csvs] blockchain-wallet.osv.csv: 0 rows
[merge_crawl_csvs] blockchain-wallet.releases.csv: 1 rows
[merge_crawl_csvs] blockchain-wallet.stealth_prs.csv: 11 rows
[merge_crawl_csvs] bluewallet.changelog.csv: 0 rows
[merge_crawl_csvs] bluewallet.commits.csv: 240 rows
[merge_crawl_csvs] bluewallet.direct_prs.csv: 325 rows
[merge_crawl_csvs] bluewallet.releases.csv: 38 rows
[merge_crawl_csvs] bluewallet.stealth_prs.csv: 479 rows
[merge_crawl_csvs] bnb-tss-lib.changelog.csv: 0 rows
[merge_crawl_csvs] bnb-tss-lib.commits.csv: 105 rows
[merge_crawl_csvs] bnb-tss-lib.direct_prs.csv: 36 rows
[merge_crawl_csvs] bnb-tss-lib.govulncheck.csv: 5 rows
[merge_crawl_csvs] bnb-tss-lib.osv.csv: 5 rows
[merge_crawl_csvs] bnb-tss-lib.releases.csv: 13 rows
[merge_crawl_csvs] bnb-tss-lib.stealth_prs.csv: 23 rows
[merge_crawl_csvs] brave-wallet.changelog.csv: 0 rows
[merge_crawl_csvs] brave-wallet.commits.csv: 547 rows
[merge_crawl_csvs] brave-wallet.direct_prs.csv: 4722 rows
[merge_crawl_csvs] brave-wallet.releases.csv: 0 rows
[merge_crawl_csvs] brave-wallet.stealth_prs.csv: 3709 rows
[merge_crawl_csvs] breez.changelog.csv: 0 rows
[merge_crawl_csvs] breez.commits.csv: 256 rows
[merge_crawl_csvs] breez.direct_prs.csv: 29 rows
[merge_crawl_csvs] breez.releases.csv: 3 rows
[merge_crawl_csvs] breez.stealth_prs.csv: 35 rows
[merge_crawl_csvs] btcpay.changelog.csv: 0 rows
[merge_crawl_csvs] btcpay.commits.csv: 345 rows
[merge_crawl_csvs] btcpay.direct_prs.csv: 216 rows
[merge_crawl_csvs] btcpay.osv.csv: 0 rows
[merge_crawl_csvs] btcpay.releases.csv: 74 rows
[merge_crawl_csvs] btcpay.stealth_prs.csv: 215 rows
[merge_crawl_csvs] cake-wallet.changelog.csv: 0 rows
[merge_crawl_csvs] cake-wallet.commits.csv: 357 rows
[merge_crawl_csvs] cake-wallet.direct_prs.csv: 102 rows
[merge_crawl_csvs] cake-wallet.releases.csv: 14 rows
[merge_crawl_csvs] cake-wallet.stealth_prs.csv: 99 rows
[merge_crawl_csvs] clave.changelog.csv: 0 rows
[merge_crawl_csvs] clave.commits.csv: 23 rows
[merge_crawl_csvs] clave.direct_prs.csv: 1 rows
[merge_crawl_csvs] clave.releases.csv: 0 rows
[merge_crawl_csvs] clave.stealth_prs.csv: 2 rows
[merge_crawl_csvs] coinbase-mobile-sdk.changelog.csv: 0 rows
[merge_crawl_csvs] coinbase-mobile-sdk.commits.csv: 25 rows
[merge_crawl_csvs] coinbase-mobile-sdk.direct_prs.csv: 0 rows
[merge_crawl_csvs] coinbase-mobile-sdk.releases.csv: 0 rows
[merge_crawl_csvs] coinbase-mobile-sdk.stealth_prs.csv: 0 rows
[merge_crawl_csvs] coinbase-sdk.changelog.csv: 0 rows
[merge_crawl_csvs] coinbase-sdk.commits.csv: 104 rows
[merge_crawl_csvs] coinbase-sdk.direct_prs.csv: 100 rows
[merge_crawl_csvs] coinbase-sdk.osv.csv: 1 rows
[merge_crawl_csvs] coinbase-sdk.releases.csv: 0 rows
[merge_crawl_csvs] coinbase-sdk.stealth_prs.csv: 95 rows
[merge_crawl_csvs] coinbase-smart-wallet.changelog.csv: 0 rows
[merge_crawl_csvs] coinbase-smart-wallet.commits.csv: 18 rows
[merge_crawl_csvs] coinbase-smart-wallet.direct_prs.csv: 5 rows
[merge_crawl_csvs] coinbase-smart-wallet.releases.csv: 0 rows
[merge_crawl_csvs] coinbase-smart-wallet.stealth_prs.csv: 7 rows
[merge_crawl_csvs] coldcard.changelog.csv: 0 rows
[merge_crawl_csvs] coldcard.commits.csv: 123 rows
[merge_crawl_csvs] coldcard.direct_prs.csv: 109 rows
[merge_crawl_csvs] coldcard.releases.csv: 0 rows
[merge_crawl_csvs] coldcard.stealth_prs.csv: 82 rows
[merge_crawl_csvs] coolwallet.changelog.csv: 0 rows
[merge_crawl_csvs] coolwallet.commits.csv: 128 rows
[merge_crawl_csvs] coolwallet.direct_prs.csv: 491 rows
[merge_crawl_csvs] coolwallet.osv.csv: 0 rows
[merge_crawl_csvs] coolwallet.releases.csv: 0 rows
[merge_crawl_csvs] coolwallet.stealth_prs.csv: 371 rows
[merge_crawl_csvs] core-mobile.changelog.csv: 0 rows
[merge_crawl_csvs] core-mobile.commits.csv: 250 rows
[merge_crawl_csvs] core-mobile.direct_prs.csv: 565 rows
[merge_crawl_csvs] core-mobile.releases.csv: 30 rows
[merge_crawl_csvs] core-mobile.stealth_prs.csv: 488 rows
[merge_crawl_csvs] cosmjs.changelog.csv: 3 rows
[merge_crawl_csvs] cosmjs.commits.csv: 179 rows
[merge_crawl_csvs] cosmjs.direct_prs.csv: 65 rows
[merge_crawl_csvs] cosmjs.osv.csv: 0 rows
[merge_crawl_csvs] cosmjs.releases.csv: 0 rows
[merge_crawl_csvs] cosmjs.stealth_prs.csv: 42 rows
[merge_crawl_csvs] cosmostation.changelog.csv: 0 rows
[merge_crawl_csvs] cosmostation.commits.csv: 29 rows
[merge_crawl_csvs] cosmostation.direct_prs.csv: 4 rows
[merge_crawl_csvs] cosmostation.releases.csv: 0 rows
[merge_crawl_csvs] cosmostation.stealth_prs.csv: 8 rows
[merge_crawl_csvs] cross_client.csv: 1173 rows
[merge_crawl_csvs] daedalus.changelog.csv: 9 rows
[merge_crawl_csvs] daedalus.commits.csv: 116 rows
[merge_crawl_csvs] daedalus.direct_prs.csv: 156 rows
[merge_crawl_csvs] daedalus.releases.csv: 15 rows
[merge_crawl_csvs] daedalus.stealth_prs.csv: 195 rows
[merge_crawl_csvs] dfns-sdk.changelog.csv: 0 rows
[merge_crawl_csvs] dfns-sdk.commits.csv: 101 rows
[merge_crawl_csvs] dfns-sdk.direct_prs.csv: 80 rows
[merge_crawl_csvs] dfns-sdk.osv.csv: 0 rows
[merge_crawl_csvs] dfns-sdk.releases.csv: 0 rows
[merge_crawl_csvs] dfns-sdk.stealth_prs.csv: 88 rows
[merge_crawl_csvs] duo-webauthn.changelog.csv: 0 rows
[merge_crawl_csvs] duo-webauthn.commits.csv: 22 rows
[merge_crawl_csvs] duo-webauthn.direct_prs.csv: 9 rows
[merge_crawl_csvs] duo-webauthn.govulncheck.csv: 0 rows
[merge_crawl_csvs] duo-webauthn.osv.csv: 0 rows
[merge_crawl_csvs] duo-webauthn.releases.csv: 0 rows
[merge_crawl_csvs] duo-webauthn.stealth_prs.csv: 6 rows
[merge_crawl_csvs] eclair.changelog.csv: 0 rows
[merge_crawl_csvs] eclair.commits.csv: 356 rows
[merge_crawl_csvs] eclair.direct_prs.csv: 146 rows
[merge_crawl_csvs] eclair.releases.csv: 15 rows
[merge_crawl_csvs] eclair.stealth_prs.csv: 162 rows
[merge_crawl_csvs] edge.changelog.csv: 81 rows
[merge_crawl_csvs] edge.commits.csv: 391 rows
[merge_crawl_csvs] edge.direct_prs.csv: 266 rows
[merge_crawl_csvs] edge.releases.csv: 0 rows
[merge_crawl_csvs] edge.stealth_prs.csv: 144 rows
[merge_crawl_csvs] electrum.changelog.csv: 0 rows
[merge_crawl_csvs] electrum.commits.csv: 533 rows
[merge_crawl_csvs] electrum.direct_prs.csv: 298 rows
[merge_crawl_csvs] electrum.osv.csv: 0 rows
[merge_crawl_csvs] electrum.releases.csv: 0 rows
[merge_crawl_csvs] electrum.stealth_prs.csv: 327 rows
[merge_crawl_csvs] enkrypt.changelog.csv: 0 rows
[merge_crawl_csvs] enkrypt.commits.csv: 146 rows
[merge_crawl_csvs] enkrypt.direct_prs.csv: 40 rows
[merge_crawl_csvs] enkrypt.releases.csv: 3 rows
[merge_crawl_csvs] enkrypt.stealth_prs.csv: 51 rows
[merge_crawl_csvs] eth-hd-keyring.changelog.csv: 0 rows
[merge_crawl_csvs] eth-hd-keyring.commits.csv: 34 rows
[merge_crawl_csvs] eth-hd-keyring.direct_prs.csv: 42 rows
[merge_crawl_csvs] eth-hd-keyring.osv.csv: 0 rows
[merge_crawl_csvs] eth-hd-keyring.releases.csv: 0 rows
[merge_crawl_csvs] eth-hd-keyring.stealth_prs.csv: 43 rows
[merge_crawl_csvs] eth-phishing-detect.changelog.csv: 0 rows
[merge_crawl_csvs] eth-phishing-detect.commits.csv: 157 rows
[merge_crawl_csvs] eth-phishing-detect.osv.csv: 0 rows
[merge_crawl_csvs] eth-phishing-detect.releases.csv: 0 rows
[merge_crawl_csvs] eth-phishing-detect.stealth_prs.csv: 3097 rows
[merge_crawl_csvs] eth-sig-util.changelog.csv: 0 rows
[merge_crawl_csvs] eth-sig-util.commits.csv: 64 rows
[merge_crawl_csvs] eth-sig-util.direct_prs.csv: 53 rows
[merge_crawl_csvs] eth-sig-util.osv.csv: 0 rows
[merge_crawl_csvs] eth-sig-util.releases.csv: 0 rows
[merge_crawl_csvs] eth-sig-util.stealth_prs.csv: 80 rows
[merge_crawl_csvs] ethereumjs.changelog.csv: 0 rows
[merge_crawl_csvs] ethereumjs.commits.csv: 208 rows
[merge_crawl_csvs] ethereumjs.direct_prs.csv: 141 rows
[merge_crawl_csvs] ethereumjs.osv.csv: 0 rows
[merge_crawl_csvs] ethereumjs.releases.csv: 15 rows
[merge_crawl_csvs] ethereumjs.stealth_prs.csv: 183 rows
[merge_crawl_csvs] ethers.changelog.csv: 2 rows
[merge_crawl_csvs] ethers.commits.csv: 32 rows
[merge_crawl_csvs] ethers.direct_prs.csv: 48 rows
[merge_crawl_csvs] ethers.osv.csv: 0 rows
[merge_crawl_csvs] ethers.releases.csv: 18 rows
[merge_crawl_csvs] ethers.stealth_prs.csv: 0 rows
[merge_crawl_csvs] etherspot.changelog.csv: 0 rows
[merge_crawl_csvs] etherspot.commits.csv: 34 rows
[merge_crawl_csvs] etherspot.direct_prs.csv: 15 rows
[merge_crawl_csvs] etherspot.releases.csv: 0 rows
[merge_crawl_csvs] etherspot.stealth_prs.csv: 13 rows
[merge_crawl_csvs] feather.changelog.csv: 0 rows
[merge_crawl_csvs] feather.commits.csv: 94 rows
[merge_crawl_csvs] feather.direct_prs.csv: 6 rows
[merge_crawl_csvs] feather.releases.csv: 5 rows
[merge_crawl_csvs] feather.stealth_prs.csv: 2 rows
[merge_crawl_csvs] fireblocks-mpc.changelog.csv: 0 rows
[merge_crawl_csvs] fireblocks-mpc.commits.csv: 6 rows
[merge_crawl_csvs] fireblocks-mpc.direct_prs.csv: 3 rows
[merge_crawl_csvs] fireblocks-mpc.releases.csv: 0 rows
[merge_crawl_csvs] fireblocks-mpc.stealth_prs.csv: 1 rows
[merge_crawl_csvs] frame.changelog.csv: 0 rows
[merge_crawl_csvs] frame.commits.csv: 150 rows
[merge_crawl_csvs] frame.direct_prs.csv: 103 rows
[merge_crawl_csvs] frame.releases.csv: 17 rows
[merge_crawl_csvs] frame.stealth_prs.csv: 30 rows
[merge_crawl_csvs] freighter.changelog.csv: 0 rows
[merge_crawl_csvs] freighter.commits.csv: 109 rows
[merge_crawl_csvs] freighter.direct_prs.csv: 240 rows
[merge_crawl_csvs] freighter.releases.csv: 2 rows
[merge_crawl_csvs] freighter.stealth_prs.csv: 232 rows
[merge_crawl_csvs] gdk.changelog.csv: 5 rows
[merge_crawl_csvs] gdk.commits.csv: 326 rows
[merge_crawl_csvs] gdk.direct_prs.csv: 13 rows
[merge_crawl_csvs] gdk.releases.csv: 6 rows
[merge_crawl_csvs] gdk.stealth_prs.csv: 10 rows
[merge_crawl_csvs] go-webauthn.changelog.csv: 5 rows
[merge_crawl_csvs] go-webauthn.commits.csv: 89 rows
[merge_crawl_csvs] go-webauthn.direct_prs.csv: 62 rows
[merge_crawl_csvs] go-webauthn.govulncheck.csv: 0 rows
[merge_crawl_csvs] go-webauthn.osv.csv: 0 rows
[merge_crawl_csvs] go-webauthn.releases.csv: 6 rows
[merge_crawl_csvs] go-webauthn.stealth_prs.csv: 125 rows
[merge_crawl_csvs] gotham-city.changelog.csv: 0 rows
[merge_crawl_csvs] gotham-city.commits.csv: 12 rows
[merge_crawl_csvs] gotham-city.direct_prs.csv: 7 rows
[merge_crawl_csvs] gotham-city.releases.csv: 0 rows
[merge_crawl_csvs] gotham-city.stealth_prs.csv: 6 rows
[merge_crawl_csvs] green-qt.changelog.csv: 16 rows
[merge_crawl_csvs] green-qt.commits.csv: 160 rows
[merge_crawl_csvs] green-qt.direct_prs.csv: 0 rows
[merge_crawl_csvs] green-qt.releases.csv: 23 rows
[merge_crawl_csvs] green-qt.stealth_prs.csv: 0 rows
[merge_crawl_csvs] gridplus.changelog.csv: 0 rows
[merge_crawl_csvs] gridplus.commits.csv: 0 rows
[merge_crawl_csvs] gridplus.direct_prs.csv: 0 rows
[merge_crawl_csvs] gridplus.osv.csv: 0 rows
[merge_crawl_csvs] gridplus.releases.csv: 0 rows
[merge_crawl_csvs] gridplus.stealth_prs.csv: 0 rows
[merge_crawl_csvs] hwi.changelog.csv: 0 rows
[merge_crawl_csvs] hwi.commits.csv: 35 rows
[merge_crawl_csvs] hwi.direct_prs.csv: 43 rows
[merge_crawl_csvs] hwi.osv.csv: 0 rows
[merge_crawl_csvs] hwi.releases.csv: 0 rows
[merge_crawl_csvs] hwi.stealth_prs.csv: 52 rows
[merge_crawl_csvs] imtoken-tokencore.changelog.csv: 0 rows
[merge_crawl_csvs] imtoken-tokencore.commits.csv: 74 rows
[merge_crawl_csvs] imtoken-tokencore.direct_prs.csv: 17 rows
[merge_crawl_csvs] imtoken-tokencore.osv.csv: 0 rows
[merge_crawl_csvs] imtoken-tokencore.releases.csv: 1 rows
[merge_crawl_csvs] imtoken-tokencore.rustsec.csv: 0 rows
[merge_crawl_csvs] imtoken-tokencore.stealth_prs.csv: 10 rows
[merge_crawl_csvs] imtoken-tokencore2.changelog.csv: 0 rows
[merge_crawl_csvs] imtoken-tokencore2.commits.csv: 35 rows
[merge_crawl_csvs] imtoken-tokencore2.direct_prs.csv: 95 rows
[merge_crawl_csvs] imtoken-tokencore2.releases.csv: 4 rows
[merge_crawl_csvs] imtoken-tokencore2.stealth_prs.csv: 77 rows
[merge_crawl_csvs] jade.changelog.csv: 5 rows
[merge_crawl_csvs] jade.commits.csv: 261 rows
[merge_crawl_csvs] jade.direct_prs.csv: 4 rows
[merge_crawl_csvs] jade.releases.csv: 0 rows
[merge_crawl_csvs] jade.stealth_prs.csv: 1 rows
[merge_crawl_csvs] keplr.changelog.csv: 0 rows
[merge_crawl_csvs] keplr.commits.csv: 307 rows
[merge_crawl_csvs] keplr.direct_prs.csv: 154 rows
[merge_crawl_csvs] keplr.releases.csv: 0 rows
[merge_crawl_csvs] keplr.stealth_prs.csv: 184 rows
[merge_crawl_csvs] kernel-7579.changelog.csv: 0 rows
[merge_crawl_csvs] kernel-7579.commits.csv: 27 rows
[merge_crawl_csvs] kernel-7579.direct_prs.csv: 8 rows
[merge_crawl_csvs] kernel-7579.releases.csv: 0 rows
[merge_crawl_csvs] kernel-7579.stealth_prs.csv: 3 rows
[merge_crawl_csvs] key-tree.changelog.csv: 0 rows
[merge_crawl_csvs] key-tree.commits.csv: 63 rows
[merge_crawl_csvs] key-tree.direct_prs.csv: 36 rows
[merge_crawl_csvs] key-tree.osv.csv: 0 rows
[merge_crawl_csvs] key-tree.releases.csv: 0 rows
[merge_crawl_csvs] key-tree.stealth_prs.csv: 62 rows
[merge_crawl_csvs] keyring-controller.changelog.csv: 1 rows
[merge_crawl_csvs] keyring-controller.commits.csv: 82 rows
[merge_crawl_csvs] keyring-controller.direct_prs.csv: 119 rows
[merge_crawl_csvs] keyring-controller.osv.csv: 0 rows
[merge_crawl_csvs] keyring-controller.releases.csv: 1 rows
[merge_crawl_csvs] keyring-controller.stealth_prs.csv: 117 rows
[merge_crawl_csvs] keystone3.changelog.csv: 5 rows
[merge_crawl_csvs] keystone3.commits.csv: 148 rows
[merge_crawl_csvs] keystone3.direct_prs.csv: 168 rows
[merge_crawl_csvs] keystone3.releases.csv: 6 rows
[merge_crawl_csvs] keystone3.stealth_prs.csv: 132 rows
[merge_crawl_csvs] kryptology.changelog.csv: 0 rows
[merge_crawl_csvs] kryptology.commits.csv: 5 rows
[merge_crawl_csvs] kryptology.direct_prs.csv: 1 rows
[merge_crawl_csvs] kryptology.govulncheck.csv: 0 rows
[merge_crawl_csvs] kryptology.osv.csv: 0 rows
[merge_crawl_csvs] kryptology.releases.csv: 0 rows
[merge_crawl_csvs] kryptology.stealth_prs.csv: 0 rows
[merge_crawl_csvs] lace.changelog.csv: 0 rows
[merge_crawl_csvs] lace.commits.csv: 166 rows
[merge_crawl_csvs] lace.direct_prs.csv: 93 rows
[merge_crawl_csvs] lace.releases.csv: 7 rows
[merge_crawl_csvs] lace.stealth_prs.csv: 79 rows
[merge_crawl_csvs] leather.changelog.csv: 16 rows
[merge_crawl_csvs] leather.commits.csv: 0 rows
[merge_crawl_csvs] leather.direct_prs.csv: 331 rows
[merge_crawl_csvs] leather.releases.csv: 11 rows
[merge_crawl_csvs] leather.stealth_prs.csv: 291 rows
[merge_crawl_csvs] ledger-app-btc.changelog.csv: 1 rows
[merge_crawl_csvs] ledger-app-btc.commits.csv: 71 rows
[merge_crawl_csvs] ledger-app-btc.direct_prs.csv: 40 rows
[merge_crawl_csvs] ledger-app-btc.releases.csv: 0 rows
[merge_crawl_csvs] ledger-app-btc.stealth_prs.csv: 71 rows
[merge_crawl_csvs] ledger-app-eth.changelog.csv: 8 rows
[merge_crawl_csvs] ledger-app-eth.commits.csv: 234 rows
[merge_crawl_csvs] ledger-app-eth.direct_prs.csv: 115 rows
[merge_crawl_csvs] ledger-app-eth.releases.csv: 0 rows
[merge_crawl_csvs] ledger-app-eth.stealth_prs.csv: 100 rows
[merge_crawl_csvs] ledger-live.changelog.csv: 0 rows
[merge_crawl_csvs] ledger-live.commits.csv: 452 rows
[merge_crawl_csvs] ledger-live.direct_prs.csv: 920 rows
[merge_crawl_csvs] ledger-live.releases.csv: 74 rows
[merge_crawl_csvs] ledger-live.stealth_prs.csv: 1858 rows
[merge_crawl_csvs] ledger-sdk.changelog.csv: 0 rows
[merge_crawl_csvs] ledger-sdk.commits.csv: 121 rows
[merge_crawl_csvs] ledger-sdk.direct_prs.csv: 87 rows
[merge_crawl_csvs] ledger-sdk.releases.csv: 0 rows
[merge_crawl_csvs] ledger-sdk.stealth_prs.csv: 95 rows
[merge_crawl_csvs] ledgerjs.changelog.csv: 0 rows
[merge_crawl_csvs] ledgerjs.commits.csv: 77 rows
[merge_crawl_csvs] ledgerjs.direct_prs.csv: 55 rows
[merge_crawl_csvs] ledgerjs.osv.csv: 0 rows
[merge_crawl_csvs] ledgerjs.releases.csv: 2 rows
[merge_crawl_csvs] ledgerjs.stealth_prs.csv: 60 rows
[merge_crawl_csvs] liana.changelog.csv: 10 rows
[merge_crawl_csvs] liana.commits.csv: 100 rows
[merge_crawl_csvs] liana.direct_prs.csv: 43 rows
[merge_crawl_csvs] liana.osv.csv: 0 rows
[merge_crawl_csvs] liana.releases.csv: 10 rows
[merge_crawl_csvs] liana.rustsec.csv: 0 rows
[merge_crawl_csvs] liana.stealth_prs.csv: 68 rows
[merge_crawl_csvs] librustzcash.changelog.csv: 0 rows
[merge_crawl_csvs] librustzcash.commits.csv: 237 rows
[merge_crawl_csvs] librustzcash.direct_prs.csv: 96 rows
[merge_crawl_csvs] librustzcash.osv.csv: 1 rows
[merge_crawl_csvs] librustzcash.releases.csv: 0 rows
[merge_crawl_csvs] librustzcash.rustsec.csv: 1 rows
[merge_crawl_csvs] librustzcash.stealth_prs.csv: 141 rows
[merge_crawl_csvs] lit-peer.changelog.csv: 0 rows
[merge_crawl_csvs] lit-peer.commits.csv: 18 rows
[merge_crawl_csvs] lit-peer.direct_prs.csv: 13 rows
[merge_crawl_csvs] lit-peer.releases.csv: 0 rows
[merge_crawl_csvs] lit-peer.stealth_prs.csv: 14 rows
[merge_crawl_csvs] magic.changelog.csv: 1 rows
[merge_crawl_csvs] magic.commits.csv: 55 rows
[merge_crawl_csvs] magic.direct_prs.csv: 52 rows
[merge_crawl_csvs] magic.osv.csv: 0 rows
[merge_crawl_csvs] magic.releases.csv: 0 rows
[merge_crawl_csvs] magic.stealth_prs.csv: 39 rows
[merge_crawl_csvs] metamask-core.changelog.csv: 0 rows
[merge_crawl_csvs] metamask-core.commits.csv: 335 rows
[merge_crawl_csvs] metamask-core.direct_prs.csv: 1254 rows
[merge_crawl_csvs] metamask-core.osv.csv: 0 rows
[merge_crawl_csvs] metamask-core.releases.csv: 12 rows
[merge_crawl_csvs] metamask-core.stealth_prs.csv: 2264 rows
[merge_crawl_csvs] metamask-mobile.changelog.csv: 126 rows
[merge_crawl_csvs] metamask-mobile.commits.csv: 535 rows
[merge_crawl_csvs] metamask-mobile.direct_prs.csv: 2539 rows
[merge_crawl_csvs] metamask-mobile.releases.csv: 160 rows
[merge_crawl_csvs] metamask-mobile.stealth_prs.csv: 4440 rows
[merge_crawl_csvs] metamask-sdk.changelog.csv: 0 rows
[merge_crawl_csvs] metamask-sdk.commits.csv: 52 rows
[merge_crawl_csvs] metamask-sdk.direct_prs.csv: 59 rows
[merge_crawl_csvs] metamask-sdk.osv.csv: 1 rows
[merge_crawl_csvs] metamask-sdk.releases.csv: 1 rows
[merge_crawl_csvs] metamask-sdk.stealth_prs.csv: 105 rows
[merge_crawl_csvs] metamask-snaps.changelog.csv: 0 rows
[merge_crawl_csvs] metamask-snaps.commits.csv: 235 rows
[merge_crawl_csvs] metamask-snaps.direct_prs.csv: 434 rows
[merge_crawl_csvs] metamask-snaps.osv.csv: 0 rows
[merge_crawl_csvs] metamask-snaps.releases.csv: 8 rows
[merge_crawl_csvs] metamask-snaps.stealth_prs.csv: 572 rows
[merge_crawl_csvs] metamask.changelog.csv: 41 rows
[merge_crawl_csvs] metamask.commits.csv: 236 rows
[merge_crawl_csvs] metamask.direct_prs.csv: 3854 rows
[merge_crawl_csvs] metamask.osv.csv: 0 rows
[merge_crawl_csvs] metamask.releases.csv: 118 rows
[merge_crawl_csvs] metamask.stealth_prs.csv: 5525 rows
[merge_crawl_csvs] monero-gui.changelog.csv: 0 rows
[merge_crawl_csvs] monero-gui.commits.csv: 84 rows
[merge_crawl_csvs] monero-gui.direct_prs.csv: 84 rows
[merge_crawl_csvs] monero-gui.releases.csv: 12 rows
[merge_crawl_csvs] monero-gui.stealth_prs.csv: 52 rows
[merge_crawl_csvs] monero.changelog.csv: 0 rows
[merge_crawl_csvs] monero.commits.csv: 326 rows
[merge_crawl_csvs] monero.direct_prs.csv: 397 rows
[merge_crawl_csvs] monero.releases.csv: 34 rows
[merge_crawl_csvs] monero.stealth_prs.csv: 268 rows
[merge_crawl_csvs] muun-apollo.changelog.csv: 0 rows
[merge_crawl_csvs] muun-apollo.commits.csv: 3 rows
[merge_crawl_csvs] muun-apollo.direct_prs.csv: 33 rows
[merge_crawl_csvs] muun-apollo.releases.csv: 0 rows
[merge_crawl_csvs] muun-apollo.stealth_prs.csv: 36 rows
[merge_crawl_csvs] muun-falcon.changelog.csv: 0 rows
[merge_crawl_csvs] muun-falcon.commits.csv: 0 rows
[merge_crawl_csvs] muun-falcon.direct_prs.csv: 2 rows
[merge_crawl_csvs] muun-falcon.releases.csv: 0 rows
[merge_crawl_csvs] muun-falcon.stealth_prs.csv: 0 rows
[merge_crawl_csvs] mycrypto.changelog.csv: 0 rows
[merge_crawl_csvs] mycrypto.commits.csv: 286 rows
[merge_crawl_csvs] mycrypto.direct_prs.csv: 11 rows
[merge_crawl_csvs] mycrypto.releases.csv: 9 rows
[merge_crawl_csvs] mycrypto.stealth_prs.csv: 242 rows
[merge_crawl_csvs] myetherwallet.changelog.csv: 3 rows
[merge_crawl_csvs] myetherwallet.commits.csv: 294 rows
[merge_crawl_csvs] myetherwallet.direct_prs.csv: 339 rows
[merge_crawl_csvs] myetherwallet.releases.csv: 10 rows
[merge_crawl_csvs] myetherwallet.stealth_prs.csv: 195 rows
[merge_crawl_csvs] nami.changelog.csv: 0 rows
[merge_crawl_csvs] nami.commits.csv: 29 rows
[merge_crawl_csvs] nami.direct_prs.csv: 4 rows
[merge_crawl_csvs] nami.releases.csv: 0 rows
[merge_crawl_csvs] nami.stealth_prs.csv: 5 rows
[merge_crawl_csvs] near-wallet.changelog.csv: 0 rows
[merge_crawl_csvs] near-wallet.commits.csv: 64 rows
[merge_crawl_csvs] near-wallet.direct_prs.csv: 212 rows
[merge_crawl_csvs] near-wallet.releases.csv: 0 rows
[merge_crawl_csvs] near-wallet.stealth_prs.csv: 353 rows
[merge_crawl_csvs] noble-curves.changelog.csv: 0 rows
[merge_crawl_csvs] noble-curves.commits.csv: 60 rows
[merge_crawl_csvs] noble-curves.direct_prs.csv: 10 rows
[merge_crawl_csvs] noble-curves.osv.csv: 0 rows
[merge_crawl_csvs] noble-curves.releases.csv: 8 rows
[merge_crawl_csvs] noble-curves.stealth_prs.csv: 13 rows
[merge_crawl_csvs] nunchuk.changelog.csv: 0 rows
[merge_crawl_csvs] nunchuk.commits.csv: 203 rows
[merge_crawl_csvs] nunchuk.direct_prs.csv: 0 rows
[merge_crawl_csvs] nunchuk.releases.csv: 2 rows
[merge_crawl_csvs] nunchuk.stealth_prs.csv: 0 rows
[merge_crawl_csvs] onekey-app.changelog.csv: 0 rows
[merge_crawl_csvs] onekey-app.commits.csv: 620 rows
[merge_crawl_csvs] onekey-app.direct_prs.csv: 1176 rows
[merge_crawl_csvs] onekey-app.releases.csv: 19 rows
[merge_crawl_csvs] onekey-app.stealth_prs.csv: 1551 rows
[merge_crawl_csvs] onekey-firmware.changelog.csv: 0 rows
[merge_crawl_csvs] onekey-firmware.commits.csv: 354 rows
[merge_crawl_csvs] onekey-firmware.direct_prs.csv: 31 rows
[merge_crawl_csvs] onekey-firmware.releases.csv: 5 rows
[merge_crawl_csvs] onekey-firmware.stealth_prs.csv: 18 rows
[merge_crawl_csvs] onekey-hw-sdk.changelog.csv: 0 rows
[merge_crawl_csvs] onekey-hw-sdk.commits.csv: 97 rows
[merge_crawl_csvs] onekey-hw-sdk.direct_prs.csv: 107 rows
[merge_crawl_csvs] onekey-hw-sdk.osv.csv: 0 rows
[merge_crawl_csvs] onekey-hw-sdk.releases.csv: 2 rows
[merge_crawl_csvs] onekey-hw-sdk.stealth_prs.csv: 91 rows
[merge_crawl_csvs] openfort-contracts.changelog.csv: 0 rows
[merge_crawl_csvs] openfort-contracts.commits.csv: 33 rows
[merge_crawl_csvs] openfort-contracts.direct_prs.csv: 3 rows
[merge_crawl_csvs] openfort-contracts.releases.csv: 0 rows
[merge_crawl_csvs] openfort-contracts.stealth_prs.csv: 0 rows
[merge_crawl_csvs] openfort-js.changelog.csv: 3 rows
[merge_crawl_csvs] openfort-js.commits.csv: 75 rows
[merge_crawl_csvs] openfort-js.direct_prs.csv: 37 rows
[merge_crawl_csvs] openfort-js.osv.csv: 0 rows
[merge_crawl_csvs] openfort-js.releases.csv: 3 rows
[merge_crawl_csvs] openfort-js.stealth_prs.csv: 29 rows
[merge_crawl_csvs] openfort-signer.changelog.csv: 0 rows
[merge_crawl_csvs] openfort-signer.commits.csv: 24 rows
[merge_crawl_csvs] openfort-signer.direct_prs.csv: 16 rows
[merge_crawl_csvs] openfort-signer.releases.csv: 0 rows
[merge_crawl_csvs] openfort-signer.stealth_prs.csv: 19 rows
[merge_crawl_csvs] openfort-sss.changelog.csv: 0 rows
[merge_crawl_csvs] openfort-sss.commits.csv: 0 rows
[merge_crawl_csvs] openfort-sss.direct_prs.csv: 0 rows
[merge_crawl_csvs] openfort-sss.govulncheck.csv: 0 rows
[merge_crawl_csvs] openfort-sss.osv.csv: 0 rows
[merge_crawl_csvs] openfort-sss.releases.csv: 0 rows
[merge_crawl_csvs] openfort-sss.stealth_prs.csv: 0 rows
[merge_crawl_csvs] p256-verifier.changelog.csv: 0 rows
[merge_crawl_csvs] p256-verifier.commits.csv: 8 rows
[merge_crawl_csvs] p256-verifier.direct_prs.csv: 1 rows
[merge_crawl_csvs] p256-verifier.releases.csv: 0 rows
[merge_crawl_csvs] p256-verifier.stealth_prs.csv: 3 rows
[merge_crawl_csvs] para-mpc.changelog.csv: 0 rows
[merge_crawl_csvs] para-mpc.commits.csv: 4 rows
[merge_crawl_csvs] para-mpc.direct_prs.csv: 2 rows
[merge_crawl_csvs] para-mpc.govulncheck.csv: 0 rows
[merge_crawl_csvs] para-mpc.osv.csv: 0 rows
[merge_crawl_csvs] para-mpc.releases.csv: 0 rows
[merge_crawl_csvs] para-mpc.stealth_prs.csv: 0 rows
[merge_crawl_csvs] particle-auth.changelog.csv: 0 rows
[merge_crawl_csvs] particle-auth.commits.csv: 2 rows
[merge_crawl_csvs] particle-auth.direct_prs.csv: 0 rows
[merge_crawl_csvs] particle-auth.osv.csv: 0 rows
[merge_crawl_csvs] particle-auth.releases.csv: 0 rows
[merge_crawl_csvs] particle-auth.stealth_prs.csv: 0 rows
[merge_crawl_csvs] passkey-kit.changelog.csv: 1 rows
[merge_crawl_csvs] passkey-kit.commits.csv: 34 rows
[merge_crawl_csvs] passkey-kit.direct_prs.csv: 2 rows
[merge_crawl_csvs] passkey-kit.osv.csv: 0 rows
[merge_crawl_csvs] passkey-kit.releases.csv: 0 rows
[merge_crawl_csvs] passkey-kit.stealth_prs.csv: 3 rows
[merge_crawl_csvs] passkeys-4337.changelog.csv: 0 rows
[merge_crawl_csvs] passkeys-4337.commits.csv: 1 rows
[merge_crawl_csvs] passkeys-4337.direct_prs.csv: 0 rows
[merge_crawl_csvs] passkeys-4337.releases.csv: 0 rows
[merge_crawl_csvs] passkeys-4337.stealth_prs.csv: 1 rows
[merge_crawl_csvs] passport.changelog.csv: 4 rows
[merge_crawl_csvs] passport.commits.csv: 118 rows
[merge_crawl_csvs] passport.direct_prs.csv: 78 rows
[merge_crawl_csvs] passport.releases.csv: 6 rows
[merge_crawl_csvs] passport.stealth_prs.csv: 7 rows
[merge_crawl_csvs] pera.changelog.csv: 0 rows
[merge_crawl_csvs] pera.commits.csv: 0 rows
[merge_crawl_csvs] pera.direct_prs.csv: 1 rows
[merge_crawl_csvs] pera.releases.csv: 0 rows
[merge_crawl_csvs] pera.stealth_prs.csv: 0 rows
[merge_crawl_csvs] phoenix.changelog.csv: 0 rows
[merge_crawl_csvs] phoenix.commits.csv: 117 rows
[merge_crawl_csvs] phoenix.direct_prs.csv: 23 rows
[merge_crawl_csvs] phoenix.releases.csv: 13 rows
[merge_crawl_csvs] phoenix.stealth_prs.csv: 31 rows
[merge_crawl_csvs] polkadot-extension.changelog.csv: 1 rows
[merge_crawl_csvs] polkadot-extension.commits.csv: 86 rows
[merge_crawl_csvs] polkadot-extension.direct_prs.csv: 105 rows
[merge_crawl_csvs] polkadot-extension.osv.csv: 0 rows
[merge_crawl_csvs] polkadot-extension.releases.csv: 1 rows
[merge_crawl_csvs] polkadot-extension.stealth_prs.csv: 73 rows
[merge_crawl_csvs] privy-sss.changelog.csv: 0 rows
[merge_crawl_csvs] privy-sss.commits.csv: 3 rows
[merge_crawl_csvs] privy-sss.direct_prs.csv: 4 rows
[merge_crawl_csvs] privy-sss.osv.csv: 0 rows
[merge_crawl_csvs] privy-sss.releases.csv: 0 rows
[merge_crawl_csvs] privy-sss.stealth_prs.csv: 2 rows
[merge_crawl_csvs] rabby-desktop.changelog.csv: 5 rows
[merge_crawl_csvs] rabby-desktop.commits.csv: 97 rows
[merge_crawl_csvs] rabby-desktop.direct_prs.csv: 23 rows
[merge_crawl_csvs] rabby-desktop.releases.csv: 0 rows
[merge_crawl_csvs] rabby-desktop.stealth_prs.csv: 3 rows
[merge_crawl_csvs] rabby.changelog.csv: 0 rows
[merge_crawl_csvs] rabby.commits.csv: 448 rows
[merge_crawl_csvs] rabby.direct_prs.csv: 341 rows
[merge_crawl_csvs] rabby.releases.csv: 10 rows
[merge_crawl_csvs] rabby.stealth_prs.csv: 99 rows
[merge_crawl_csvs] rainbow.changelog.csv: 52 rows
[merge_crawl_csvs] rainbow.commits.csv: 479 rows
[merge_crawl_csvs] rainbow.direct_prs.csv: 580 rows
[merge_crawl_csvs] rainbow.releases.csv: 50 rows
[merge_crawl_csvs] rainbow.stealth_prs.csv: 534 rows
[merge_crawl_csvs] rainbowkit.changelog.csv: 0 rows
[merge_crawl_csvs] rainbowkit.commits.csv: 45 rows
[merge_crawl_csvs] rainbowkit.direct_prs.csv: 48 rows
[merge_crawl_csvs] rainbowkit.osv.csv: 0 rows
[merge_crawl_csvs] rainbowkit.releases.csv: 8 rows
[merge_crawl_csvs] rainbowkit.stealth_prs.csv: 58 rows
[merge_crawl_csvs] reown-appkit.changelog.csv: 0 rows
[merge_crawl_csvs] reown-appkit.commits.csv: 136 rows
[merge_crawl_csvs] reown-appkit.direct_prs.csv: 217 rows
[merge_crawl_csvs] reown-appkit.osv.csv: 0 rows
[merge_crawl_csvs] reown-appkit.releases.csv: 0 rows
[merge_crawl_csvs] reown-appkit.stealth_prs.csv: 227 rows
[merge_crawl_csvs] rhinestone.changelog.csv: 0 rows
[merge_crawl_csvs] rhinestone.commits.csv: 41 rows
[merge_crawl_csvs] rhinestone.direct_prs.csv: 6 rows
[merge_crawl_csvs] rhinestone.releases.csv: 0 rows
[merge_crawl_csvs] rhinestone.stealth_prs.csv: 6 rows
[merge_crawl_csvs] safe-contracts.changelog.csv: 0 rows
[merge_crawl_csvs] safe-contracts.commits.csv: 119 rows
[merge_crawl_csvs] safe-contracts.direct_prs.csv: 83 rows
[merge_crawl_csvs] safe-contracts.releases.csv: 1 rows
[merge_crawl_csvs] safe-contracts.stealth_prs.csv: 69 rows
[merge_crawl_csvs] safe-modules.changelog.csv: 0 rows
[merge_crawl_csvs] safe-modules.commits.csv: 122 rows
[merge_crawl_csvs] safe-modules.direct_prs.csv: 97 rows
[merge_crawl_csvs] safe-modules.releases.csv: 1 rows
[merge_crawl_csvs] safe-modules.stealth_prs.csv: 102 rows
[merge_crawl_csvs] safe-react.changelog.csv: 0 rows
[merge_crawl_csvs] safe-react.commits.csv: 229 rows
[merge_crawl_csvs] safe-react.direct_prs.csv: 174 rows
[merge_crawl_csvs] safe-react.releases.csv: 10 rows
[merge_crawl_csvs] safe-react.stealth_prs.csv: 227 rows
[merge_crawl_csvs] safe-sdk.changelog.csv: 0 rows
[merge_crawl_csvs] safe-sdk.commits.csv: 110 rows
[merge_crawl_csvs] safe-sdk.direct_prs.csv: 79 rows
[merge_crawl_csvs] safe-sdk.osv.csv: 0 rows
[merge_crawl_csvs] safe-sdk.releases.csv: 0 rows
[merge_crawl_csvs] safe-sdk.stealth_prs.csv: 112 rows
[merge_crawl_csvs] safe-wallet.changelog.csv: 0 rows
[merge_crawl_csvs] safe-wallet.commits.csv: 463 rows
[merge_crawl_csvs] safe-wallet.direct_prs.csv: 1551 rows
[merge_crawl_csvs] safe-wallet.releases.csv: 37 rows
[merge_crawl_csvs] safe-wallet.stealth_prs.csv: 1912 rows
[merge_crawl_csvs] samourai.changelog.csv: 0 rows
[merge_crawl_csvs] samourai.commits.csv: 103 rows
[merge_crawl_csvs] samourai.direct_prs.csv: 5 rows
[merge_crawl_csvs] samourai.releases.csv: 0 rows
[merge_crawl_csvs] samourai.stealth_prs.csv: 6 rows
[merge_crawl_csvs] scure-bip39.changelog.csv: 0 rows
[merge_crawl_csvs] scure-bip39.commits.csv: 5 rows
[merge_crawl_csvs] scure-bip39.direct_prs.csv: 2 rows
[merge_crawl_csvs] scure-bip39.osv.csv: 0 rows
[merge_crawl_csvs] scure-bip39.releases.csv: 2 rows
[merge_crawl_csvs] scure-bip39.stealth_prs.csv: 1 rows
[merge_crawl_csvs] sequence-contracts.changelog.csv: 0 rows
[merge_crawl_csvs] sequence-contracts.commits.csv: 49 rows
[merge_crawl_csvs] sequence-contracts.direct_prs.csv: 41 rows
[merge_crawl_csvs] sequence-contracts.releases.csv: 0 rows
[merge_crawl_csvs] sequence-contracts.stealth_prs.csv: 42 rows
[merge_crawl_csvs] sequence-js.changelog.csv: 0 rows
[merge_crawl_csvs] sequence-js.commits.csv: 191 rows
[merge_crawl_csvs] sequence-js.direct_prs.csv: 86 rows
[merge_crawl_csvs] sequence-js.osv.csv: 0 rows
[merge_crawl_csvs] sequence-js.releases.csv: 0 rows
[merge_crawl_csvs] sequence-js.stealth_prs.csv: 59 rows
[merge_crawl_csvs] simplewebauthn.changelog.csv: 5 rows
[merge_crawl_csvs] simplewebauthn.commits.csv: 73 rows
[merge_crawl_csvs] simplewebauthn.direct_prs.csv: 41 rows
[merge_crawl_csvs] simplewebauthn.osv.csv: 0 rows
[merge_crawl_csvs] simplewebauthn.releases.csv: 4 rows
[merge_crawl_csvs] simplewebauthn.stealth_prs.csv: 37 rows
[merge_crawl_csvs] solana-kit.changelog.csv: 0 rows
[merge_crawl_csvs] solana-kit.commits.csv: 186 rows
[merge_crawl_csvs] solana-kit.direct_prs.csv: 239 rows
[merge_crawl_csvs] solana-kit.osv.csv: 0 rows
[merge_crawl_csvs] solana-kit.releases.csv: 1 rows
[merge_crawl_csvs] solana-kit.stealth_prs.csv: 247 rows
[merge_crawl_csvs] solana-wallet-adapter.changelog.csv: 0 rows
[merge_crawl_csvs] solana-wallet-adapter.commits.csv: 37 rows
[merge_crawl_csvs] solana-wallet-adapter.direct_prs.csv: 27 rows
[merge_crawl_csvs] solana-wallet-adapter.osv.csv: 0 rows
[merge_crawl_csvs] solana-wallet-adapter.releases.csv: 0 rows
[merge_crawl_csvs] solana-wallet-adapter.stealth_prs.csv: 18 rows
[merge_crawl_csvs] solana-web3js.changelog.csv: 0 rows
[merge_crawl_csvs] solana-web3js.commits.csv: 270 rows
[merge_crawl_csvs] solana-web3js.direct_prs.csv: 344 rows
[merge_crawl_csvs] solana-web3js.osv.csv: 3 rows
[merge_crawl_csvs] solana-web3js.releases.csv: 4 rows
[merge_crawl_csvs] solana-web3js.stealth_prs.csv: 797 rows
[merge_crawl_csvs] soul-wallet.changelog.csv: 0 rows
[merge_crawl_csvs] soul-wallet.commits.csv: 61 rows
[merge_crawl_csvs] soul-wallet.direct_prs.csv: 22 rows
[merge_crawl_csvs] soul-wallet.releases.csv: 0 rows
[merge_crawl_csvs] soul-wallet.stealth_prs.csv: 10 rows
[merge_crawl_csvs] sparrow.changelog.csv: 0 rows
[merge_crawl_csvs] sparrow.commits.csv: 243 rows
[merge_crawl_csvs] sparrow.direct_prs.csv: 19 rows
[merge_crawl_csvs] sparrow.osv.csv: 0 rows
[merge_crawl_csvs] sparrow.releases.csv: 3 rows
[merge_crawl_csvs] sparrow.stealth_prs.csv: 8 rows
[merge_crawl_csvs] specter.changelog.csv: 0 rows
[merge_crawl_csvs] specter.commits.csv: 120 rows
[merge_crawl_csvs] specter.direct_prs.csv: 152 rows
[merge_crawl_csvs] specter.osv.csv: 0 rows
[merge_crawl_csvs] specter.releases.csv: 22 rows
[merge_crawl_csvs] specter.stealth_prs.csv: 186 rows
[merge_crawl_csvs] stack-wallet.changelog.csv: 0 rows
[merge_crawl_csvs] stack-wallet.commits.csv: 223 rows
[merge_crawl_csvs] stack-wallet.direct_prs.csv: 29 rows
[merge_crawl_csvs] stack-wallet.releases.csv: 3 rows
[merge_crawl_csvs] stack-wallet.stealth_prs.csv: 23 rows
[merge_crawl_csvs] station.changelog.csv: 0 rows
[merge_crawl_csvs] station.commits.csv: 90 rows
[merge_crawl_csvs] station.direct_prs.csv: 24 rows
[merge_crawl_csvs] station.releases.csv: 0 rows
[merge_crawl_csvs] station.stealth_prs.csv: 7 rows
[merge_crawl_csvs] status-desktop.changelog.csv: 0 rows
[merge_crawl_csvs] status-desktop.commits.csv: 277 rows
[merge_crawl_csvs] status-desktop.direct_prs.csv: 740 rows
[merge_crawl_csvs] status-desktop.releases.csv: 92 rows
[merge_crawl_csvs] status-desktop.stealth_prs.csv: 781 rows
[merge_crawl_csvs] status-go.changelog.csv: 0 rows
[merge_crawl_csvs] status-go.commits.csv: 506 rows
[merge_crawl_csvs] status-go.direct_prs.csv: 504 rows
[merge_crawl_csvs] status-go.govulncheck.csv: 0 rows
[merge_crawl_csvs] status-go.osv.csv: 0 rows
[merge_crawl_csvs] status-go.releases.csv: 0 rows
[merge_crawl_csvs] status-go.stealth_prs.csv: 508 rows
[merge_crawl_csvs] status-mobile.changelog.csv: 0 rows
[merge_crawl_csvs] status-mobile.commits.csv: 489 rows
[merge_crawl_csvs] status-mobile.direct_prs.csv: 779 rows
[merge_crawl_csvs] status-mobile.releases.csv: 23 rows
[merge_crawl_csvs] status-mobile.stealth_prs.csv: 438 rows
[merge_crawl_csvs] subwallet.changelog.csv: 15 rows
[merge_crawl_csvs] subwallet.commits.csv: 0 rows
[merge_crawl_csvs] subwallet.direct_prs.csv: 93 rows
[merge_crawl_csvs] subwallet.releases.csv: 7 rows
[merge_crawl_csvs] subwallet.stealth_prs.csv: 55 rows
[merge_crawl_csvs] sui.changelog.csv: 0 rows
[merge_crawl_csvs] sui.commits.csv: 576 rows
[merge_crawl_csvs] sui.direct_prs.csv: 824 rows
[merge_crawl_csvs] sui.osv.csv: 0 rows
[merge_crawl_csvs] sui.releases.csv: 24 rows
[merge_crawl_csvs] sui.rustsec.csv: 0 rows
[merge_crawl_csvs] sui.stealth_prs.csv: 2282 rows
[merge_crawl_csvs] taho.changelog.csv: 0 rows
[merge_crawl_csvs] taho.commits.csv: 314 rows
[merge_crawl_csvs] taho.direct_prs.csv: 319 rows
[merge_crawl_csvs] taho.releases.csv: 1 rows
[merge_crawl_csvs] taho.stealth_prs.csv: 355 rows
[merge_crawl_csvs] talisman.changelog.csv: 0 rows
[merge_crawl_csvs] talisman.commits.csv: 273 rows
[merge_crawl_csvs] talisman.direct_prs.csv: 178 rows
[merge_crawl_csvs] talisman.releases.csv: 0 rows
[merge_crawl_csvs] talisman.stealth_prs.csv: 168 rows
[merge_crawl_csvs] tangem.changelog.csv: 0 rows
[merge_crawl_csvs] tangem.commits.csv: 0 rows
[merge_crawl_csvs] tangem.direct_prs.csv: 0 rows
[merge_crawl_csvs] tangem.releases.csv: 0 rows
[merge_crawl_csvs] tangem.stealth_prs.csv: 0 rows
[merge_crawl_csvs] taurus-mp-sig.changelog.csv: 0 rows
[merge_crawl_csvs] taurus-mp-sig.commits.csv: 109 rows
[merge_crawl_csvs] taurus-mp-sig.direct_prs.csv: 15 rows
[merge_crawl_csvs] taurus-mp-sig.govulncheck.csv: 1 rows
[merge_crawl_csvs] taurus-mp-sig.osv.csv: 1 rows
[merge_crawl_csvs] taurus-mp-sig.releases.csv: 0 rows
[merge_crawl_csvs] taurus-mp-sig.stealth_prs.csv: 18 rows
[merge_crawl_csvs] thirdweb-contracts.changelog.csv: 0 rows
[merge_crawl_csvs] thirdweb-contracts.commits.csv: 172 rows
[merge_crawl_csvs] thirdweb-contracts.direct_prs.csv: 23 rows
[merge_crawl_csvs] thirdweb-contracts.releases.csv: 1 rows
[merge_crawl_csvs] thirdweb-contracts.stealth_prs.csv: 14 rows
[merge_crawl_csvs] thirdweb-js.changelog.csv: 0 rows
[merge_crawl_csvs] thirdweb-js.commits.csv: 355 rows
[merge_crawl_csvs] thirdweb-js.direct_prs.csv: 611 rows
[merge_crawl_csvs] thirdweb-js.osv.csv: 0 rows
[merge_crawl_csvs] thirdweb-js.releases.csv: 0 rows
[merge_crawl_csvs] thirdweb-js.stealth_prs.csv: 857 rows
[merge_crawl_csvs] tkey.changelog.csv: 0 rows
[merge_crawl_csvs] tkey.commits.csv: 95 rows
[merge_crawl_csvs] tkey.direct_prs.csv: 35 rows
[merge_crawl_csvs] tkey.osv.csv: 0 rows
[merge_crawl_csvs] tkey.releases.csv: 1 rows
[merge_crawl_csvs] tkey.stealth_prs.csv: 23 rows
[merge_crawl_csvs] ton-wallet-contract.changelog.csv: 0 rows
[merge_crawl_csvs] ton-wallet-contract.commits.csv: 3 rows
[merge_crawl_csvs] ton-wallet-contract.direct_prs.csv: 3 rows
[merge_crawl_csvs] ton-wallet-contract.releases.csv: 0 rows
[merge_crawl_csvs] ton-wallet-contract.stealth_prs.csv: 0 rows
[merge_crawl_csvs] tonkeeper-ios.changelog.csv: 0 rows
[merge_crawl_csvs] tonkeeper-ios.commits.csv: 83 rows
[merge_crawl_csvs] tonkeeper-ios.direct_prs.csv: 1 rows
[merge_crawl_csvs] tonkeeper-ios.releases.csv: 0 rows
[merge_crawl_csvs] tonkeeper-ios.stealth_prs.csv: 0 rows
[merge_crawl_csvs] tonkeeper-web.changelog.csv: 0 rows
[merge_crawl_csvs] tonkeeper-web.commits.csv: 139 rows
[merge_crawl_csvs] tonkeeper-web.direct_prs.csv: 27 rows
[merge_crawl_csvs] tonkeeper-web.releases.csv: 4 rows
[merge_crawl_csvs] tonkeeper-web.stealth_prs.csv: 9 rows
[merge_crawl_csvs] torus.changelog.csv: 0 rows
[merge_crawl_csvs] torus.commits.csv: 166 rows
[merge_crawl_csvs] torus.direct_prs.csv: 96 rows
[merge_crawl_csvs] torus.releases.csv: 0 rows
[merge_crawl_csvs] torus.stealth_prs.csv: 74 rows
[merge_crawl_csvs] trezor-connect.changelog.csv: 11 rows
[merge_crawl_csvs] trezor-connect.commits.csv: 198 rows
[merge_crawl_csvs] trezor-connect.direct_prs.csv: 64 rows
[merge_crawl_csvs] trezor-connect.osv.csv: 0 rows
[merge_crawl_csvs] trezor-connect.releases.csv: 0 rows
[merge_crawl_csvs] trezor-connect.stealth_prs.csv: 77 rows
[merge_crawl_csvs] trezor-firmware.changelog.csv: 0 rows
[merge_crawl_csvs] trezor-firmware.commits.csv: 494 rows
[merge_crawl_csvs] trezor-firmware.direct_prs.csv: 437 rows
[merge_crawl_csvs] trezor-firmware.releases.csv: 0 rows
[merge_crawl_csvs] trezor-firmware.stealth_prs.csv: 460 rows
[merge_crawl_csvs] trezor-suite.changelog.csv: 0 rows
[merge_crawl_csvs] trezor-suite.commits.csv: 706 rows
[merge_crawl_csvs] trezor-suite.direct_prs.csv: 985 rows
[merge_crawl_csvs] trezor-suite.releases.csv: 25 rows
[merge_crawl_csvs] trezor-suite.stealth_prs.csv: 1990 rows
[merge_crawl_csvs] tron-wallet-cli.changelog.csv: 0 rows
[merge_crawl_csvs] tron-wallet-cli.commits.csv: 144 rows
[merge_crawl_csvs] tron-wallet-cli.direct_prs.csv: 50 rows
[merge_crawl_csvs] tron-wallet-cli.releases.csv: 3 rows
[merge_crawl_csvs] tron-wallet-cli.stealth_prs.csv: 36 rows
[merge_crawl_csvs] trust-provider.changelog.csv: 0 rows
[merge_crawl_csvs] trust-provider.commits.csv: 13 rows
[merge_crawl_csvs] trust-provider.direct_prs.csv: 28 rows
[merge_crawl_csvs] trust-provider.osv.csv: 0 rows
[merge_crawl_csvs] trust-provider.releases.csv: 1 rows
[merge_crawl_csvs] trust-provider.stealth_prs.csv: 34 rows
[merge_crawl_csvs] turnkey.changelog.csv: 0 rows
[merge_crawl_csvs] turnkey.commits.csv: 198 rows
[merge_crawl_csvs] turnkey.direct_prs.csv: 142 rows
[merge_crawl_csvs] turnkey.osv.csv: 0 rows
[merge_crawl_csvs] turnkey.releases.csv: 12 rows
[merge_crawl_csvs] turnkey.stealth_prs.csv: 129 rows
[merge_crawl_csvs] uniswap-interface.changelog.csv: 0 rows
[merge_crawl_csvs] uniswap-interface.commits.csv: 262 rows
[merge_crawl_csvs] uniswap-interface.direct_prs.csv: 258 rows
[merge_crawl_csvs] uniswap-interface.releases.csv: 33 rows
[merge_crawl_csvs] uniswap-interface.stealth_prs.csv: 213 rows
[merge_crawl_csvs] uniswap-wallet.changelog.csv: 0 rows
[merge_crawl_csvs] uniswap-wallet.commits.csv: 0 rows
[merge_crawl_csvs] uniswap-wallet.direct_prs.csv: 0 rows
[merge_crawl_csvs] uniswap-wallet.releases.csv: 2 rows
[merge_crawl_csvs] uniswap-wallet.stealth_prs.csv: 0 rows
[merge_crawl_csvs] viem.changelog.csv: 0 rows
[merge_crawl_csvs] viem.commits.csv: 156 rows
[merge_crawl_csvs] viem.direct_prs.csv: 214 rows
[merge_crawl_csvs] viem.osv.csv: 0 rows
[merge_crawl_csvs] viem.releases.csv: 4 rows
[merge_crawl_csvs] viem.stealth_prs.csv: 295 rows
[merge_crawl_csvs] wagmi.changelog.csv: 0 rows
[merge_crawl_csvs] wagmi.commits.csv: 55 rows
[merge_crawl_csvs] wagmi.direct_prs.csv: 50 rows
[merge_crawl_csvs] wagmi.osv.csv: 0 rows
[merge_crawl_csvs] wagmi.releases.csv: 3 rows
[merge_crawl_csvs] wagmi.stealth_prs.csv: 65 rows
[merge_crawl_csvs] wallet-core.changelog.csv: 0 rows
[merge_crawl_csvs] wallet-core.commits.csv: 280 rows
[merge_crawl_csvs] wallet-core.direct_prs.csv: 363 rows
[merge_crawl_csvs] wallet-core.osv.csv: 0 rows
[merge_crawl_csvs] wallet-core.releases.csv: 20 rows
[merge_crawl_csvs] wallet-core.stealth_prs.csv: 319 rows
[merge_crawl_csvs] walletconnect.changelog.csv: 0 rows
[merge_crawl_csvs] walletconnect.commits.csv: 95 rows
[merge_crawl_csvs] walletconnect.direct_prs.csv: 125 rows
[merge_crawl_csvs] walletconnect.osv.csv: 0 rows
[merge_crawl_csvs] walletconnect.releases.csv: 11 rows
[merge_crawl_csvs] walletconnect.stealth_prs.csv: 208 rows
[merge_crawl_csvs] wasabi.changelog.csv: 0 rows
[merge_crawl_csvs] wasabi.commits.csv: 211 rows
[merge_crawl_csvs] wasabi.direct_prs.csv: 257 rows
[merge_crawl_csvs] wasabi.osv.csv: 0 rows
[merge_crawl_csvs] wasabi.releases.csv: 70 rows
[merge_crawl_csvs] wasabi.stealth_prs.csv: 237 rows
[merge_crawl_csvs] web3-react.changelog.csv: 0 rows
[merge_crawl_csvs] web3-react.commits.csv: 18 rows
[merge_crawl_csvs] web3-react.direct_prs.csv: 18 rows
[merge_crawl_csvs] web3-react.osv.csv: 0 rows
[merge_crawl_csvs] web3-react.releases.csv: 0 rows
[merge_crawl_csvs] web3-react.stealth_prs.csv: 12 rows
[merge_crawl_csvs] web3auth-mpc.changelog.csv: 0 rows
[merge_crawl_csvs] web3auth-mpc.commits.csv: 35 rows
[merge_crawl_csvs] web3auth-mpc.direct_prs.csv: 21 rows
[merge_crawl_csvs] web3auth-mpc.osv.csv: 0 rows
[merge_crawl_csvs] web3auth-mpc.releases.csv: 2 rows
[merge_crawl_csvs] web3auth-mpc.stealth_prs.csv: 10 rows
[merge_crawl_csvs] web3auth.changelog.csv: 0 rows
[merge_crawl_csvs] web3auth.commits.csv: 34 rows
[merge_crawl_csvs] web3auth.direct_prs.csv: 347 rows
[merge_crawl_csvs] web3auth.osv.csv: 0 rows
[merge_crawl_csvs] web3auth.releases.csv: 1 rows
[merge_crawl_csvs] web3auth.stealth_prs.csv: 118 rows
[merge_crawl_csvs] web3j.changelog.csv: 0 rows
[merge_crawl_csvs] web3j.commits.csv: 95 rows
[merge_crawl_csvs] web3j.direct_prs.csv: 75 rows
[merge_crawl_csvs] web3j.osv.csv: 0 rows
[merge_crawl_csvs] web3j.releases.csv: 5 rows
[merge_crawl_csvs] web3j.stealth_prs.csv: 72 rows
[merge_crawl_csvs] web3js.changelog.csv: 8 rows
[merge_crawl_csvs] web3js.commits.csv: 183 rows
[merge_crawl_csvs] web3js.direct_prs.csv: 211 rows
[merge_crawl_csvs] web3js.osv.csv: 2 rows
[merge_crawl_csvs] web3js.releases.csv: 14 rows
[merge_crawl_csvs] web3js.stealth_prs.csv: 158 rows
[merge_crawl_csvs] web3py.changelog.csv: 0 rows
[merge_crawl_csvs] web3py.commits.csv: 250 rows
[merge_crawl_csvs] web3py.direct_prs.csv: 88 rows
[merge_crawl_csvs] web3py.osv.csv: 2 rows
[merge_crawl_csvs] web3py.releases.csv: 0 rows
[merge_crawl_csvs] web3py.stealth_prs.csv: 118 rows
[merge_crawl_csvs] webauthn-owner-plugin.changelog.csv: 0 rows
[merge_crawl_csvs] webauthn-owner-plugin.commits.csv: 9 rows
[merge_crawl_csvs] webauthn-owner-plugin.direct_prs.csv: 0 rows
[merge_crawl_csvs] webauthn-owner-plugin.releases.csv: 0 rows
[merge_crawl_csvs] webauthn-owner-plugin.stealth_prs.csv: 0 rows
[merge_crawl_csvs] webauthn-sol.changelog.csv: 0 rows
[merge_crawl_csvs] webauthn-sol.commits.csv: 1 rows
[merge_crawl_csvs] webauthn-sol.direct_prs.csv: 5 rows
[merge_crawl_csvs] webauthn-sol.releases.csv: 0 rows
[merge_crawl_csvs] webauthn-sol.stealth_prs.csv: 2 rows
[merge_crawl_csvs] webauthn4j.changelog.csv: 0 rows
[merge_crawl_csvs] webauthn4j.commits.csv: 101 rows
[merge_crawl_csvs] webauthn4j.direct_prs.csv: 172 rows
[merge_crawl_csvs] webauthn4j.osv.csv: 0 rows
[merge_crawl_csvs] webauthn4j.releases.csv: 5 rows
[merge_crawl_csvs] webauthn4j.stealth_prs.csv: 148 rows
[merge_crawl_csvs] yoroi.changelog.csv: 0 rows
[merge_crawl_csvs] yoroi.commits.csv: 159 rows
[merge_crawl_csvs] yoroi.direct_prs.csv: 291 rows
[merge_crawl_csvs] yoroi.releases.csv: 7 rows
[merge_crawl_csvs] yoroi.stealth_prs.csv: 573 rows
[merge_crawl_csvs] zcash.changelog.csv: 0 rows
[merge_crawl_csvs] zcash.commits.csv: 493 rows
[merge_crawl_csvs] zcash.direct_prs.csv: 117 rows
[merge_crawl_csvs] zcash.releases.csv: 75 rows
[merge_crawl_csvs] zcash.stealth_prs.csv: 93 rows
[merge_crawl_csvs] zengo-mpecdsa.changelog.csv: 0 rows
[merge_crawl_csvs] zengo-mpecdsa.commits.csv: 39 rows
[merge_crawl_csvs] zengo-mpecdsa.direct_prs.csv: 12 rows
[merge_crawl_csvs] zengo-mpecdsa.osv.csv: 0 rows
[merge_crawl_csvs] zengo-mpecdsa.releases.csv: 0 rows
[merge_crawl_csvs] zengo-mpecdsa.rustsec.csv: 0 rows
[merge_crawl_csvs] zengo-mpecdsa.stealth_prs.csv: 4 rows
[merge_crawl_csvs] zerion-sdk.changelog.csv: 0 rows
[merge_crawl_csvs] zerion-sdk.commits.csv: 16 rows
[merge_crawl_csvs] zerion-sdk.direct_prs.csv: 6 rows
[merge_crawl_csvs] zerion-sdk.osv.csv: 0 rows
[merge_crawl_csvs] zerion-sdk.releases.csv: 0 rows
[merge_crawl_csvs] zerion-sdk.stealth_prs.csv: 1 rows
[merge_crawl_csvs] zerodev-kernel.changelog.csv: 0 rows
[merge_crawl_csvs] zerodev-kernel.commits.csv: 83 rows
[merge_crawl_csvs] zerodev-kernel.direct_prs.csv: 12 rows
[merge_crawl_csvs] zerodev-kernel.releases.csv: 1 rows
[merge_crawl_csvs] zerodev-kernel.stealth_prs.csv: 8 rows
[merge_crawl_csvs] zeus.changelog.csv: 0 rows
[merge_crawl_csvs] zeus.commits.csv: 237 rows
[merge_crawl_csvs] zeus.direct_prs.csv: 170 rows
[merge_crawl_csvs] zeus.releases.csv: 35 rows
[merge_crawl_csvs] zeus.stealth_prs.csv: 246 rows
[merge_crawl_csvs] total loaded: 126722 rows
[merge_crawl_csvs] existing parquet: 5315 rows
[merge_crawl_csvs] new (deduplicated): 126722 rows
[merge_crawl_csvs] wrote /home/gohan/workspace/wallet-vuln-dataset/scratchpad_crawl/derived/wallet/train.parquet (132037 rows, +126722)

=== Stage 6: cross_reference (de-dup) ===
[cross_reference] loading /home/gohan/workspace/wallet-vuln-dataset/scratchpad_crawl/derived/wallet/train.parquet …
[cross_reference] 132037 rows loaded.
[cross_reference] wrote 90223 rows → /home/gohan/workspace/wallet-vuln-dataset/scratchpad_crawl/derived/wallet/train.crossref.parquet
[cross_reference] manifest → /home/gohan/workspace/wallet-vuln-dataset/scratchpad_crawl/derived/wallet/crossref_manifest.json
input_rows=132037  output_rows=90223  duplicates_removed=41814  clusters_deduped=28982  dedup_rate=31.67%

=== Stage 8: publish raw snapshot ===
-> data/raw/train.classified.parquet

=== Stage 9: curate (THE GATE) ===
wrote 26983 rows -> data/wallet_vulns.parquet
wrote data/wallet_vulns.csv + data/wallet_vulns.preview.csv
wrote manifest -> data/manifest.json

=== Stage 10: enrich labels (workers=16) ===
48 local clones available
  [labels] 200/26983
[local_diffs] cloning https://github.com/argentlabs/argent-x.git (bare/blobless)…
[local_diffs] cloning https://github.com/coral-xyz/backpack.git (bare/blobless)…
[local_diffs] cloning https://github.com/bcnmy/scw-contracts.git (bare/blobless)…
[local_diffs] cloning https://github.com/bisq-network/bisq.git (bare/blobless)…
[local_diffs] cloning https://github.com/BitBoxSwiss/bitbox02-firmware.git (bare/blobless)…
  [labels] 400/26983
[local_diffs] cloning https://github.com/bitpay/wallet.git (bare/blobless)…
[local_diffs] cloning https://github.com/bnb-chain/tss-lib.git (bare/blobless)…
  [labels] 600/26983
  [labels] 800/26983
  [labels] 1000/26983
  [labels] 1200/26983
  [labels] 1400/26983
  [labels] 1600/26983
  [labels] 1800/26983
  [labels] 2000/26983
  [labels] 2200/26983
  [labels] 2400/26983
  [labels] 2600/26983
  [labels] 2800/26983
  [labels] 3000/26983
  [labels] 3200/26983
  [labels] 3400/26983
  [labels] 3600/26983
  [labels] 3800/26983
  [labels] 4000/26983
  [labels] 4200/26983
  [labels] 4400/26983
  [labels] 4600/26983
  [labels] 4800/26983
  [labels] 5000/26983
  [labels] 5200/26983
  [labels] 5400/26983
  [labels] 5600/26983
  [labels] 5800/26983
  [labels] 6000/26983
  [labels] 6200/26983
  [labels] 6400/26983
  [labels] 6600/26983
  [labels] 6800/26983
  [labels] 7000/26983
  [labels] 7200/26983
  [labels] 7400/26983
  [labels] 7600/26983
  [labels] 7800/26983
  [labels] 8000/26983
  [labels] 8200/26983
  [labels] 8400/26983
  [labels] 8600/26983
  [labels] 8800/26983
  [labels] 9000/26983
  [labels] 9200/26983
  [labels] 9400/26983
  [labels] 9600/26983
  [labels] 9800/26983
  [labels] 10000/26983
  [labels] 10200/26983
  [labels] 10400/26983
  [labels] 10600/26983
  [labels] 10800/26983
  [labels] 11000/26983
  [labels] 11200/26983
  [labels] 11400/26983
  [labels] 11600/26983

=== Verify ===
=========================== short test summary info ============================
FAILED tests/test_security_dataset.py::test_every_row_has_a_security_signal
1 failed, 109 passed in 114.89s (0:01:54)

=== DONE -> data/wallet_vulns.parquet (+ .csv / .preview.csv / manifest.json) ===
