=== MODE=full TIER=3 (181 repos) CAP=0 PAGES=0 RUN_HEAVY=1 WORK=/home/gohan/workspace/wallet-vuln-dataset/scratchpad_crawl ===
>>> [canonical] per-wallet over 181 repos: PY collection/crawl_wallet_past_fixes.py --wallet @WALLET --out-dir /home/gohan/workspace/wallet-vuln-dataset/scratchpad_crawl/canonical --max-records 0
    [canonical] 20/181 (ok=20 fail=0)
    [canonical] 40/181 (ok=40 fail=0)
    [canonical] 60/181 (ok=60 fail=0)
    [canonical] 80/181 (ok=80 fail=0)
    [canonical] 100/181 (ok=100 fail=0)
    [canonical] 120/181 (ok=120 fail=0)
    [canonical] 140/181 (ok=140 fail=0)
    [canonical] 160/181 (ok=160 fail=0)
    [canonical] 180/181 (ok=180 fail=0)
    [canonical] done (ok=181 fail=0)
>>> [ghsa] PY collection/crawl_ghsa_advisories.py --wallet all --out-dir /home/gohan/workspace/wallet-vuln-dataset/scratchpad_crawl/canonical
    [ghsa] ok
>>> [commits] per-wallet over 181 repos: PY collection/grep_wallet_commits.py --wallet @WALLET --out-dir /home/gohan/workspace/wallet-vuln-dataset/scratchpad_crawl/supp --max-records 0
    [commits] 20/181 (ok=20 fail=0)
    [commits] 40/181 (ok=40 fail=0)
    [commits] 60/181 (ok=60 fail=0)
    [commits] 80/181 (ok=80 fail=0)
    [commits] 100/181 (ok=100 fail=0)
    [commits] 120/181 (ok=120 fail=0)
    [commits] 140/181 (ok=140 fail=0)
    [commits] 160/181 (ok=160 fail=0)
    [commits] 180/181 (ok=180 fail=0)
    [commits] done (ok=181 fail=0)
>>> [releases] PY collection/mine_wallet_releases.py --wallet all --out-dir /home/gohan/workspace/wallet-vuln-dataset/scratchpad_crawl/supp --max-records 0
    [releases] ok
>>> [changelog] PY collection/parse_wallet_changelogs.py --wallet all --out-dir /home/gohan/workspace/wallet-vuln-dataset/scratchpad_crawl/supp --max-records 0
    [changelog] ok
>>> [osv] PY collection/crawl_osv.py --wallet all --out-dir /home/gohan/workspace/wallet-vuln-dataset/scratchpad_crawl/supp
    [osv] ok
>>> [rustsec] PY collection/crawl_rustsec.py --wallet all --out-dir /home/gohan/workspace/wallet-vuln-dataset/scratchpad_crawl/supp
    [rustsec] ok
>>> [govuln] PY collection/crawl_govulncheck.py --wallet all --out-dir /home/gohan/workspace/wallet-vuln-dataset/scratchpad_crawl/supp
    [govuln] ok
>>> [stealth] per-wallet over 181 repos: PY collection/mine_stealth_prs.py --wallet @WALLET --out-dir /home/gohan/workspace/wallet-vuln-dataset/scratchpad_crawl/supp --max-per-wallet 0
    [stealth] 20/181 (ok=20 fail=0)
    [stealth] 40/181 (ok=40 fail=0)
    [stealth] 60/181 (ok=60 fail=0)
    [stealth] 80/181 (ok=80 fail=0)
    [stealth] 100/181 (ok=100 fail=0)
    [stealth] 120/181 (ok=120 fail=0)
    [stealth] 140/181 (ok=140 fail=0)
    [stealth] 160/181 (ok=160 fail=0)
    [stealth] 180/181 (ok=180 fail=0)
    [stealth] done (ok=181 fail=0)
>>> [direct] per-wallet over 181 repos: PY collection/mine_direct_pulls.py --wallet @WALLET --out-dir /home/gohan/workspace/wallet-vuln-dataset/scratchpad_crawl/supp --max-pages 0
    [direct] 20/181 (ok=19 fail=1)
    [direct] 40/181 (ok=39 fail=1)
    [direct] 60/181 (ok=59 fail=1)
    [direct] 80/181 (ok=79 fail=1)
    [direct] 100/181 (ok=99 fail=1)
    [direct] 120/181 (ok=119 fail=1)
    [direct] 140/181 (ok=139 fail=1)
    [direct] 160/181 (ok=159 fail=1)
    [direct] 180/181 (ok=179 fail=1)
    [direct] done (ok=180 fail=1)
>>> [cross] PY collection/crawl_cross_wallet.py --out-dir /home/gohan/workspace/wallet-vuln-dataset/scratchpad_crawl/supp
    [cross] ok
>>> [standards] PY collection/crawl_standards_divergence.py --out-dir /home/gohan/workspace/wallet-vuln-dataset/scratchpad_crawl/supp --max-per-term 0
    [standards] FAILED (rc=143) — see /home/gohan/workspace/wallet-vuln-dataset/scratchpad_crawl/logs/standards.log
    |       --archived                Filter based on the repository archived state {true|false}
    |       --assignee string         Filter by assignee
    |       --auth
>>> [cve] PY collection/crawl_cve.py --wallet all --out-dir /home/gohan/workspace/wallet-vuln-dataset/scratchpad_crawl/cve
