ok   metamask
ok   brave-wallet
ok   metamask-mobile
ok   metamask-core
ok   sui
ok   onekey-app
ok   rainbow
ok   aptos
ok   status-mobile
ok   edge
ok   status-desktop
ok   alphawallet-ios
ok   trezor-suite
ok   btcpay
ok   bitcoin-core
ok   status-go
ok   zcash
ok   ledger-live
ok   wasabi
ok   keplr
ok   ambire-common
ok   bitgo
ok   monero
ok   onekey-firmware
ok   core-mobile
ok   electrum
ok   rabby
ok   trezor-firmware
ok   bluewallet
ok   taho
ok   bitcore
ok   uniswap-interface
ok   eth-phishing-detect
ok   jade
ok   wallet-core
ok   zeus
ok   bitbox-app
ok   metamask-snaps
ok   bip39-tool
ok   alphawallet-android
ok   keystone3
ok   sparrow
ok   mycrypto
ok   safe-wallet
warm done: ok=44 fail=0 skip=1
